10.11.47.243 - - [18/Jul/2021:11:34:51 +0800] "POST /socket.io/?EIO=4&transport=polling&t=NgthcC_&sid=dmBWnx6yT72WBo4JAABi HTTP/1.1" 400 49 "http://10.50.2.202:10082/" "Mozilla/5.0 (Macintosh; Intel Mac OS X 10_15_7) AppleWebKit/537.36 (KHTML, like Gecko) Chrome/91.0.4472.114 Safari/537.36"
10.11.47.243 - - [18/Jul/2021:11:34:51 +0800] "GET /socket.io/?EIO=4&transport=websocket&sid=42V4KtGA_jx91c0YAABh HTTP/1.1" 400 49 "-" "Mozilla/5.0 (Macintosh; Intel Mac OS X 10_15_7) AppleWebKit/537.36 (KHTML, like Gecko) Chrome/91.0.4472.114 Safari/537.36"
10.11.47.243 - - [18/Jul/2021:11:34:51 +0800] "GET /socket.io/?EIO=4&transport=polling&t=NgthcD8&sid=42V4KtGA_jx91c0YAABh HTTP/1.1" 400 49 "http://10.50.2.202:10082/" "Mozilla/5.0 (Macintosh; Intel Mac OS X 10_15_7) AppleWebKit/537.36 (KHTML, like Gecko) Chrome/91.0.4472.114 Safari/537.36"
10.11.47.243 - - [18/Jul/2021:11:34:51 +0800] "POST /socket.io/?EIO=4&transport=polling&t=NgthcDB&sid=dmBWnx6yT72WBo4JAABi HTTP/1.1" 400 49 "http://10.50.2.202:10082/" "Mozilla/5.0 (Macintosh; Intel Mac OS X 10_15_7) AppleWebKit/537.36 (KHTML, like Gecko) Chrome/91.0.4472.114 Safari/537.36"
10.11.47.243 - - [18/Jul/2021:11:34:51 +0800] "POST /socket.io/?EIO=4&transport=polling&t=NgthcDI&sid=42V4KtGA_jx91c0YAABh HTTP/1.1" 400 49 "http://10.50.2.202:10082/" "Mozilla/5.0 (Macintosh; Intel Mac OS X 10_15_7) AppleWebKit/537.36 (KHTML, like Gecko) Chrome/91.0.4472.114 Safari/537.36"
10.11.47.243 - - [18/Jul/2021:11:34:53 +0800] "GET /socket.io/?EIO=4&transport=polling&t=Ngthcgh HTTP/1.1" 200 108 "http://10.50.2.202:10082/" "Mozilla/5.0 (Macintosh; Intel Mac OS X 10_15_7) AppleWebKit/537.36 (KHTML, like Gecko) Chrome/91.0.4472.114 Safari/537.36"
10.11.47.243 - - [18/Jul/2021:11:34:53 +0800] "GET /socket.io/?EIO=4&transport=polling&t=Ngthcgo HTTP/1.1" 200 108 "http://10.50.2.202:10082/" "Mozilla/5.0 (Macintosh; Intel Mac OS X 10_15_7) AppleWebKit/537.36 (KHTML, like Gecko) Chrome/91.0.4472.114 Safari/537.36"
10.11.47.243 - - [18/Jul/2021:11:34:53 +0800] "POST /socket.io/?EIO=4&transport=polling&t=Ngthch0&sid=7SfI6jA89zztU9a6AABo HTTP/1.1" 200 12 "http://10.50.2.202:10082/" "Mozilla/5.0 (Macintosh; Intel Mac OS X 10_15_7) AppleWebKit/537.36 (KHTML, like Gecko) Chrome/91.0.4472.114 Safari/537.36"
10.11.47.243 - - [18/Jul/2021:11:34:53 +0800] "GET /socket.io/?EIO=4&transport=polling&t=Ngthch1&sid=7SfI6jA89zztU9a6AABo HTTP/1.1" 200 51 "http://10.50.2.202:10082/" "Mozilla/5.0 (Macintosh; Intel Mac OS X 10_15_7) AppleWebKit/537.36 (KHTML, like Gecko) Chrome/91.0.4472.114 Safari/537.36"
10.11.47.243 - - [18/Jul/2021:11:34:53 +0800] "POST /socket.io/?EIO=4&transport=polling&t=Ngthch2&sid=ZifncMlihEv6yVEuAABp HTTP/1.1" 200 12 "http://10.50.2.202:10082/" "Mozilla/5.0 (Macintosh; Intel Mac OS X 10_15_7) AppleWebKit/537.36 (KHTML, like Gecko) Chrome/91.0.4472.114 Safari/537.36"
10.15.0.6 - - [18/Jul/2021:11:34:56 +0800] "GET /p__IAT__Interface__models__interface.js.async.js HTTP/1.1" 200 14579 "http://10.50.2.202:10082/" "Mozilla/5.0 (Windows NT 10.0; Win64; x64) AppleWebKit/537.36 (KHTML, like Gecko) Chrome/91.0.4472.124 Safari/537.36 Edg/91.0.864.70"
10.15.0.6 - - [18/Jul/2021:11:34:56 +0800] "GET /p__IAT__Interface__index.chunk.css HTTP/1.1" 200 27710 "http://10.50.2.202:10082/" "Mozilla/5.0 (Windows NT 10.0; Win64; x64) AppleWebKit/537.36 (KHTML, like Gecko) Chrome/91.0.4472.124 Safari/537.36 Edg/91.0.864.70"
10.15.0.6 - - [18/Jul/2021:11:34:56 +0800] "GET /p__IAT__Interface__index.async.js HTTP/1.1" 200 777321 "http://10.50.2.202:10082/" "Mozilla/5.0 (Windows NT 10.0; Win64; x64) AppleWebKit/537.36 (KHTML, like Gecko) Chrome/91.0.4472.124 Safari/537.36 Edg/91.0.864.70"
10.11.47.243 - - [18/Jul/2021:11:35:02 +0800] "GET /socket.io/?EIO=4&transport=polling&t=NgthYni&sid=0HQNgWYTj-Gt3XfTAABO HTTP/1.1" 200 11 "http://10.50.2.202:10082/" "Mozilla/5.0 (Macintosh; Intel Mac OS X 10_15_7) AppleWebKit/537.36 (KHTML, like Gecko) Chrome/91.0.4472.114 Safari/537.36"
10.11.47.243 - - [18/Jul/2021:11:35:02 +0800] "GET /socket.io/?EIO=4&transport=polling&t=Ngthch3&sid=ZifncMlihEv6yVEuAABp HTTP/1.1" 400 49 "http://10.50.2.202:10082/" "Mozilla/5.0 (Macintosh; Intel Mac OS X 10_15_7) AppleWebKit/537.36 (KHTML, like Gecko) Chrome/91.0.4472.114 Safari/537.36"
10.11.47.243 - - [18/Jul/2021:11:35:02 +0800] "GET /socket.io/?EIO=4&transport=polling&t=NgthchC&sid=7SfI6jA89zztU9a6AABo HTTP/1.1" 400 49 "http://10.50.2.202:10082/" "Mozilla/5.0 (Macintosh; Intel Mac OS X 10_15_7) AppleWebKit/537.36 (KHTML, like Gecko) Chrome/91.0.4472.114 Safari/537.36"
10.11.47.243 - - [18/Jul/2021:11:35:02 +0800] "GET /socket.io/?EIO=4&transport=websocket&sid=ZifncMlihEv6yVEuAABp HTTP/1.1" 400 49 "-" "Mozilla/5.0 (Macintosh; Intel Mac OS X 10_15_7) AppleWebKit/537.36 (KHTML, like Gecko) Chrome/91.0.4472.114 Safari/537.36"
10.11.47.243 - - [18/Jul/2021:11:35:02 +0800] "GET /socket.io/?EIO=4&transport=websocket&sid=7SfI6jA89zztU9a6AABo HTTP/1.1" 101 16 "-" "Mozilla/5.0 (Macintosh; Intel Mac OS X 10_15_7) AppleWebKit/537.36 (KHTML, like Gecko) Chrome/91.0.4472.114 Safari/537.36"
10.11.47.243 - - [18/Jul/2021:11:35:02 +0800] "POST /socket.io/?EIO=4&transport=polling&t=NgtheuM&sid=ZifncMlihEv6yVEuAABp HTTP/1.1" 200 12 "http://10.50.2.202:10082/" "Mozilla/5.0 (Macintosh; Intel Mac OS X 10_15_7) AppleWebKit/537.36 (KHTML, like Gecko) Chrome/91.0.4472.114 Safari/537.36"
10.15.0.6 - - [18/Jul/2021:11:35:02 +0800] "GET /api/IAT/projectList?status=1&_=1626579300131 HTTP/1.1" 200 958 "http://10.50.2.202:10082/" "Mozilla/5.0 (Windows NT 10.0; Win64; x64) AppleWebKit/537.36 (KHTML, like Gecko) Chrome/91.0.4472.124 Safari/537.36 Edg/91.0.864.70"
10.15.0.6 - - [18/Jul/2021:11:35:03 +0800] "GET /api/IAT/treeList?id=25&_=1626579307404 HTTP/1.1" 200 893 "http://10.50.2.202:10082/" "Mozilla/5.0 (Windows NT 10.0; Win64; x64) AppleWebKit/537.36 (KHTML, like Gecko) Chrome/91.0.4472.124 Safari/537.36 Edg/91.0.864.70"
10.11.47.243 - - [18/Jul/2021:11:35:04 +0800] "GET /socket.io/?EIO=4&transport=polling&t=NgthfIh HTTP/1.1" 200 108 "http://10.50.2.202:10082/" "Mozilla/5.0 (Macintosh; Intel Mac OS X 10_15_7) AppleWebKit/537.36 (KHTML, like Gecko) Chrome/91.0.4472.114 Safari/537.36"
10.11.47.243 - - [18/Jul/2021:11:35:04 +0800] "GET /socket.io/?EIO=4&transport=polling&t=NgthfIn HTTP/1.1" 200 108 "http://10.50.2.202:10082/" "Mozilla/5.0 (Macintosh; Intel Mac OS X 10_15_7) AppleWebKit/537.36 (KHTML, like Gecko) Chrome/91.0.4472.114 Safari/537.36"
10.11.47.243 - - [18/Jul/2021:11:35:04 +0800] "POST /socket.io/?EIO=4&transport=polling&t=NgthfIu&sid=R0fR-Hqdn9HSPCs-AABs HTTP/1.1" 200 12 "http://10.50.2.202:10082/" "Mozilla/5.0 (Macintosh; Intel Mac OS X 10_15_7) AppleWebKit/537.36 (KHTML, like Gecko) Chrome/91.0.4472.114 Safari/537.36"
10.11.47.243 - - [18/Jul/2021:11:35:04 +0800] "GET /socket.io/?EIO=4&transport=polling&t=NgthfJ5&sid=R0fR-Hqdn9HSPCs-AABs HTTP/1.1" 400 49 "http://10.50.2.202:10082/" "Mozilla/5.0 (Macintosh; Intel Mac OS X 10_15_7) AppleWebKit/537.36 (KHTML, like Gecko) Chrome/91.0.4472.114 Safari/537.36"
10.11.47.243 - - [18/Jul/2021:11:35:04 +0800] "GET /socket.io/?EIO=4&transport=polling&t=NgthfJ7&sid=3E5__K67BlytivqLAABt HTTP/1.1" 400 49 "http://10.50.2.202:10082/" "Mozilla/5.0 (Macintosh; Intel Mac OS X 10_15_7) AppleWebKit/537.36 (KHTML, like Gecko) Chrome/91.0.4472.114 Safari/537.36"
10.11.47.243 - - [18/Jul/2021:11:35:04 +0800] "GET /socket.io/?EIO=4&transport=websocket&sid=R0fR-Hqdn9HSPCs-AABs HTTP/1.1" 400 49 "-" "Mozilla/5.0 (Macintosh; Intel Mac OS X 10_15_7) AppleWebKit/537.36 (KHTML, like Gecko) Chrome/91.0.4472.114 Safari/537.36"
10.11.47.243 - - [18/Jul/2021:11:35:04 +0800] "POST /socket.io/?EIO=4&transport=polling&t=NgthfJ6&sid=3E5__K67BlytivqLAABt HTTP/1.1" 200 12 "http://10.50.2.202:10082/" "Mozilla/5.0 (Macintosh; Intel Mac OS X 10_15_7) AppleWebKit/537.36 (KHTML, like Gecko) Chrome/91.0.4472.114 Safari/537.36"
10.11.47.243 - - [18/Jul/2021:11:35:04 +0800] "POST /socket.io/?EIO=4&transport=polling&t=NgthfJS&sid=R0fR-Hqdn9HSPCs-AABs HTTP/1.1" 400 49 "http://10.50.2.202:10082/" "Mozilla/5.0 (Macintosh; Intel Mac OS X 10_15_7) AppleWebKit/537.36 (KHTML, like Gecko) Chrome/91.0.4472.114 Safari/537.36"
10.11.47.243 - - [18/Jul/2021:11:35:04 +0800] "POST /socket.io/?EIO=4&transport=polling&t=NgthfJT&sid=3E5__K67BlytivqLAABt HTTP/1.1" 200 12 "http://10.50.2.202:10082/" "Mozilla/5.0 (Macintosh; Intel Mac OS X 10_15_7) AppleWebKit/537.36 (KHTML, like Gecko) Chrome/91.0.4472.114 Safari/537.36"
10.11.47.243 - - [18/Jul/2021:11:35:06 +0800] "GET /socket.io/?EIO=4&transport=polling&t=NgthftC HTTP/1.1" 200 108 "http://10.50.2.202:10082/" "Mozilla/5.0 (Macintosh; Intel Mac OS X 10_15_7) AppleWebKit/537.36 (KHTML, like Gecko) Chrome/91.0.4472.114 Safari/537.36"
10.11.47.243 - - [18/Jul/2021:11:35:06 +0800] "GET /socket.io/?EIO=4&transport=polling&t=NgthftI HTTP/1.1" 200 108 "http://10.50.2.202:10082/" "Mozilla/5.0 (Macintosh; Intel Mac OS X 10_15_7) AppleWebKit/537.36 (KHTML, like Gecko) Chrome/91.0.4472.114 Safari/537.36"
10.11.47.243 - - [18/Jul/2021:11:35:06 +0800] "POST /socket.io/?EIO=4&transport=polling&t=NgthftZ&sid=cIjxtu1-f_QShdbdAABw HTTP/1.1" 400 49 "http://10.50.2.202:10082/" "Mozilla/5.0 (Macintosh; Intel Mac OS X 10_15_7) AppleWebKit/537.36 (KHTML, like Gecko) Chrome/91.0.4472.114 Safari/537.36"
10.11.47.243 - - [18/Jul/2021:11:35:06 +0800] "POST /socket.io/?EIO=4&transport=polling&t=Ngthftc&sid=-0IP0jNHb8ioQREoAABx HTTP/1.1" 400 49 "http://10.50.2.202:10082/" "Mozilla/5.0 (Macintosh; Intel Mac OS X 10_15_7) AppleWebKit/537.36 (KHTML, like Gecko) Chrome/91.0.4472.114 Safari/537.36"
10.11.47.243 - - [18/Jul/2021:11:35:06 +0800] "GET /socket.io/?EIO=4&transport=websocket&sid=cIjxtu1-f_QShdbdAABw HTTP/1.1" 400 49 "-" "Mozilla/5.0 (Macintosh; Intel Mac OS X 10_15_7) AppleWebKit/537.36 (KHTML, like Gecko) Chrome/91.0.4472.114 Safari/537.36"
10.11.47.243 - - [18/Jul/2021:11:35:06 +0800] "GET /socket.io/?EIO=4&transport=polling&t=Ngthftd&sid=-0IP0jNHb8ioQREoAABx HTTP/1.1" 400 49 "http://10.50.2.202:10082/" "Mozilla/5.0 (Macintosh; Intel Mac OS X 10_15_7) AppleWebKit/537.36 (KHTML, like Gecko) Chrome/91.0.4472.114 Safari/537.36"
10.11.47.243 - - [18/Jul/2021:11:35:06 +0800] "POST /socket.io/?EIO=4&transport=polling&t=Ngthftr&sid=cIjxtu1-f_QShdbdAABw HTTP/1.1" 400 49 "http://10.50.2.202:10082/" "Mozilla/5.0 (Macintosh; Intel Mac OS X 10_15_7) AppleWebKit/537.36 (KHTML, like Gecko) Chrome/91.0.4472.114 Safari/537.36"
10.11.47.243 - - [18/Jul/2021:11:35:06 +0800] "POST /socket.io/?EIO=4&transport=polling&t=Ngthfts&sid=-0IP0jNHb8ioQREoAABx HTTP/1.1" 400 49 "http://10.50.2.202:10082/" "Mozilla/5.0 (Macintosh; Intel Mac OS X 10_15_7) AppleWebKit/537.36 (KHTML, like Gecko) Chrome/91.0.4472.114 Safari/537.36"
10.11.47.243 - - [18/Jul/2021:11:35:08 +0800] "GET /socket.io/?EIO=4&transport=polling&t=NgthgL3 HTTP/1.1" 200 108 "http://10.50.2.202:10082/" "Mozilla/5.0 (Macintosh; Intel Mac OS X 10_15_7) AppleWebKit/537.36 (KHTML, like Gecko) Chrome/91.0.4472.114 Safari/537.36"
10.11.47.243 - - [18/Jul/2021:11:35:08 +0800] "GET /socket.io/?EIO=4&transport=polling&t=NgthgL9 HTTP/1.1" 200 108 "http://10.50.2.202:10082/" "Mozilla/5.0 (Macintosh; Intel Mac OS X 10_15_7) AppleWebKit/537.36 (KHTML, like Gecko) Chrome/91.0.4472.114 Safari/537.36"
10.11.47.243 - - [18/Jul/2021:11:35:08 +0800] "POST /socket.io/?EIO=4&transport=polling&t=NgthgLE&sid=rE6rGSuJuT4KbQtgAABP HTTP/1.1" 200 12 "http://10.50.2.202:10082/" "Mozilla/5.0 (Macintosh; Intel Mac OS X 10_15_7) AppleWebKit/537.36 (KHTML, like Gecko) Chrome/91.0.4472.114 Safari/537.36"
10.11.47.243 - - [18/Jul/2021:11:35:08 +0800] "GET /socket.io/?EIO=4&transport=polling&t=NgthgLF&sid=rE6rGSuJuT4KbQtgAABP HTTP/1.1" 200 51 "http://10.50.2.202:10082/" "Mozilla/5.0 (Macintosh; Intel Mac OS X 10_15_7) AppleWebKit/537.36 (KHTML, like Gecko) Chrome/91.0.4472.114 Safari/537.36"
10.11.47.243 - - [18/Jul/2021:11:35:08 +0800] "POST /socket.io/?EIO=4&transport=polling&t=NgthgLJ&sid=TMKhZRLKNT_XU25uAABQ HTTP/1.1" 200 12 "http://10.50.2.202:10082/" "Mozilla/5.0 (Macintosh; Intel Mac OS X 10_15_7) AppleWebKit/537.36 (KHTML, like Gecko) Chrome/91.0.4472.114 Safari/537.36"
10.11.47.243 - - [18/Jul/2021:11:35:08 +0800] "GET /socket.io/?EIO=4&transport=polling&t=NgthgLM&sid=TMKhZRLKNT_XU25uAABQ HTTP/1.1" 200 51 "http://10.50.2.202:10082/" "Mozilla/5.0 (Macintosh; Intel Mac OS X 10_15_7) AppleWebKit/537.36 (KHTML, like Gecko) Chrome/91.0.4472.114 Safari/537.36"
10.11.47.243 - - [18/Jul/2021:11:35:08 +0800] "POST /socket.io/?EIO=4&transport=polling&t=NgthgLU&sid=rE6rGSuJuT4KbQtgAABP HTTP/1.1" 200 12 "http://10.50.2.202:10082/" "Mozilla/5.0 (Macintosh; Intel Mac OS X 10_15_7) AppleWebKit/537.36 (KHTML, like Gecko) Chrome/91.0.4472.114 Safari/537.36"
10.11.47.243 - - [18/Jul/2021:11:35:14 +0800] "GET /socket.io/?EIO=4&transport=polling&t=NgthbgI.0&sid=ztkCRMzNkj-A9XfdAABi HTTP/1.1" 200 11 "http://10.50.2.202:10082/" "Mozilla/5.0 (Macintosh; Intel Mac OS X 10_15_7) AppleWebKit/537.36 (KHTML, like Gecko) Chrome/91.0.4472.114 Safari/537.36"
10.11.47.243 - - [18/Jul/2021:11:35:14 +0800] "GET /socket.io/?EIO=4&transport=polling&t=NgthgLV&sid=rE6rGSuJuT4KbQtgAABP HTTP/1.1" 400 49 "http://10.50.2.202:10082/" "Mozilla/5.0 (Macintosh; Intel Mac OS X 10_15_7) AppleWebKit/537.36 (KHTML, like Gecko) Chrome/91.0.4472.114 Safari/537.36"
10.11.47.243 - - [18/Jul/2021:11:35:14 +0800] "GET /socket.io/?EIO=4&transport=polling&t=NgthgLi&sid=TMKhZRLKNT_XU25uAABQ HTTP/1.1" 400 49 "http://10.50.2.202:10082/" "Mozilla/5.0 (Macintosh; Intel Mac OS X 10_15_7) AppleWebKit/537.36 (KHTML, like Gecko) Chrome/91.0.4472.114 Safari/537.36"
10.11.47.243 - - [18/Jul/2021:11:35:14 +0800] "GET /socket.io/?EIO=4&transport=websocket&sid=TMKhZRLKNT_XU25uAABQ HTTP/1.1" 400 49 "-" "Mozilla/5.0 (Macintosh; Intel Mac OS X 10_15_7) AppleWebKit/537.36 (KHTML, like Gecko) Chrome/91.0.4472.114 Safari/537.36"
10.11.47.243 - - [18/Jul/2021:11:35:14 +0800] "GET /socket.io/?EIO=4&transport=websocket&sid=rE6rGSuJuT4KbQtgAABP HTTP/1.1" 101 16 "-" "Mozilla/5.0 (Macintosh; Intel Mac OS X 10_15_7) AppleWebKit/537.36 (KHTML, like Gecko) Chrome/91.0.4472.114 Safari/537.36"
10.11.47.243 - - [18/Jul/2021:11:35:14 +0800] "POST /socket.io/?EIO=4&transport=polling&t=NgthhoS&sid=TMKhZRLKNT_XU25uAABQ HTTP/1.1" 400 49 "http://10.50.2.202:10082/" "Mozilla/5.0 (Macintosh; Intel Mac OS X 10_15_7) AppleWebKit/537.36 (KHTML, like Gecko) Chrome/91.0.4472.114 Safari/537.36"
10.15.0.6 - - [18/Jul/2021:11:35:14 +0800] "GET /socket.io/?EIO=4&transport=polling&t=NgthhO9 HTTP/1.1" 200 108 "http://10.50.2.202:10082/" "Mozilla/5.0 (Windows NT 10.0; Win64; x64) AppleWebKit/537.36 (KHTML, like Gecko) Chrome/91.0.4472.124 Safari/537.36 Edg/91.0.864.70"
10.15.0.6 - - [18/Jul/2021:11:35:14 +0800] "POST /api/IAT/getTreeInfo HTTP/1.1" 200 121 "http://10.50.2.202:10082/" "Mozilla/5.0 (Windows NT 10.0; Win64; x64) AppleWebKit/537.36 (KHTML, like Gecko) Chrome/91.0.4472.124 Safari/537.36 Edg/91.0.864.70"
10.15.0.6 - - [18/Jul/2021:11:35:14 +0800] "POST /socket.io/?EIO=4&transport=polling&t=NgthhPI&sid=_bjAxEXmixV2NXWVAABj HTTP/1.1" 400 49 "http://10.50.2.202:10082/" "Mozilla/5.0 (Windows NT 10.0; Win64; x64) AppleWebKit/537.36 (KHTML, like Gecko) Chrome/91.0.4472.124 Safari/537.36 Edg/91.0.864.70"
10.15.0.6 - - [18/Jul/2021:11:35:14 +0800] "GET /socket.io/?EIO=4&transport=polling&t=NgthhPK&sid=_bjAxEXmixV2NXWVAABj HTTP/1.1" 400 49 "http://10.50.2.202:10082/" "Mozilla/5.0 (Windows NT 10.0; Win64; x64) AppleWebKit/537.36 (KHTML, like Gecko) Chrome/91.0.4472.124 Safari/537.36 Edg/91.0.864.70"
10.15.0.6 - - [18/Jul/2021:11:35:14 +0800] "GET /socket.io/?EIO=4&transport=websocket&sid=_bjAxEXmixV2NXWVAABj HTTP/1.1" 400 49 "-" "Mozilla/5.0 (Windows NT 10.0; Win64; x64) AppleWebKit/537.36 (KHTML, like Gecko) Chrome/91.0.4472.124 Safari/537.36 Edg/91.0.864.70"
10.15.0.6 - - [18/Jul/2021:11:35:14 +0800] "POST /socket.io/?EIO=4&transport=polling&t=NgthhPs&sid=_bjAxEXmixV2NXWVAABj HTTP/1.1" 400 49 "http://10.50.2.202:10082/" "Mozilla/5.0 (Windows NT 10.0; Win64; x64) AppleWebKit/537.36 (KHTML, like Gecko) Chrome/91.0.4472.124 Safari/537.36 Edg/91.0.864.70"
10.15.0.6 - - [18/Jul/2021:11:35:14 +0800] "GET /api/IAT/case/getCaseData?caseId=475&_=1626579318250 HTTP/1.1" 200 1119 "http://10.50.2.202:10082/" "Mozilla/5.0 (Windows NT 10.0; Win64; x64) AppleWebKit/537.36 (KHTML, like Gecko) Chrome/91.0.4472.124 Safari/537.36 Edg/91.0.864.70"
10.11.47.243 - - [18/Jul/2021:11:35:15 +0800] "GET /socket.io/?EIO=4&transport=polling&t=Ngthi3P HTTP/1.1" 200 108 "http://10.50.2.202:10082/" "Mozilla/5.0 (Macintosh; Intel Mac OS X 10_15_7) AppleWebKit/537.36 (KHTML, like Gecko) Chrome/91.0.4472.114 Safari/537.36"
10.11.47.243 - - [18/Jul/2021:11:35:15 +0800] "POST /socket.io/?EIO=4&transport=polling&t=Ngthi3X&sid=JMl8BgCTmJlLTlbuAABT HTTP/1.1" 400 49 "http://10.50.2.202:10082/" "Mozilla/5.0 (Macintosh; Intel Mac OS X 10_15_7) AppleWebKit/537.36 (KHTML, like Gecko) Chrome/91.0.4472.114 Safari/537.36"
10.11.47.243 - - [18/Jul/2021:11:35:15 +0800] "GET /socket.io/?EIO=4&transport=polling&t=Ngthi3U HTTP/1.1" 200 108 "http://10.50.2.202:10082/" "Mozilla/5.0 (Macintosh; Intel Mac OS X 10_15_7) AppleWebKit/537.36 (KHTML, like Gecko) Chrome/91.0.4472.114 Safari/537.36"
10.11.47.243 - - [18/Jul/2021:11:35:15 +0800] "GET /socket.io/?EIO=4&transport=polling&t=Ngthi3g&sid=JMl8BgCTmJlLTlbuAABT HTTP/1.1" 400 49 "http://10.50.2.202:10082/" "Mozilla/5.0 (Macintosh; Intel Mac OS X 10_15_7) AppleWebKit/537.36 (KHTML, like Gecko) Chrome/91.0.4472.114 Safari/537.36"
10.11.47.243 - - [18/Jul/2021:11:35:15 +0800] "GET /socket.io/?EIO=4&transport=polling&t=Ngthi3i&sid=nms1WwQbE0O5WFw7AABU HTTP/1.1" 400 49 "http://10.50.2.202:10082/" "Mozilla/5.0 (Macintosh; Intel Mac OS X 10_15_7) AppleWebKit/537.36 (KHTML, like Gecko) Chrome/91.0.4472.114 Safari/537.36"
10.11.47.243 - - [18/Jul/2021:11:35:15 +0800] "POST /socket.io/?EIO=4&transport=polling&t=Ngthi3i.0&sid=JMl8BgCTmJlLTlbuAABT HTTP/1.1" 400 49 "http://10.50.2.202:10082/" "Mozilla/5.0 (Macintosh; Intel Mac OS X 10_15_7) AppleWebKit/537.36 (KHTML, like Gecko) Chrome/91.0.4472.114 Safari/537.36"
10.11.47.243 - - [18/Jul/2021:11:35:15 +0800] "POST /socket.io/?EIO=4&transport=polling&t=Ngthi3h&sid=nms1WwQbE0O5WFw7AABU HTTP/1.1" 200 12 "http://10.50.2.202:10082/" "Mozilla/5.0 (Macintosh; Intel Mac OS X 10_15_7) AppleWebKit/537.36 (KHTML, like Gecko) Chrome/91.0.4472.114 Safari/537.36"
10.11.47.243 - - [18/Jul/2021:11:35:15 +0800] "GET /socket.io/?EIO=4&transport=websocket&sid=nms1WwQbE0O5WFw7AABU HTTP/1.1" 101 0 "-" "Mozilla/5.0 (Macintosh; Intel Mac OS X 10_15_7) AppleWebKit/537.36 (KHTML, like Gecko) Chrome/91.0.4472.114 Safari/537.36"
10.11.47.243 - - [18/Jul/2021:11:35:15 +0800] "POST /socket.io/?EIO=4&transport=polling&t=Ngthi3z&sid=nms1WwQbE0O5WFw7AABU HTTP/1.1" 400 49 "http://10.50.2.202:10082/" "Mozilla/5.0 (Macintosh; Intel Mac OS X 10_15_7) AppleWebKit/537.36 (KHTML, like Gecko) Chrome/91.0.4472.114 Safari/537.36"
10.15.0.6 - - [18/Jul/2021:11:35:16 +0800] "GET /socket.io/?EIO=4&transport=polling&t=Ngthhi9 HTTP/1.1" 200 108 "http://10.50.2.202:10082/" "Mozilla/5.0 (Windows NT 10.0; Win64; x64) AppleWebKit/537.36 (KHTML, like Gecko) Chrome/91.0.4472.124 Safari/537.36 Edg/91.0.864.70"
10.15.0.6 - - [18/Jul/2021:11:35:16 +0800] "GET /socket.io/?EIO=4&transport=polling&t=NgthhiV&sid=NuOSWjE1nBtS_WRMAABW HTTP/1.1" 400 49 "http://10.50.2.202:10082/" "Mozilla/5.0 (Windows NT 10.0; Win64; x64) AppleWebKit/537.36 (KHTML, like Gecko) Chrome/91.0.4472.124 Safari/537.36 Edg/91.0.864.70"
10.15.0.6 - - [18/Jul/2021:11:35:16 +0800] "POST /socket.io/?EIO=4&transport=polling&t=NgthhiU&sid=NuOSWjE1nBtS_WRMAABW HTTP/1.1" 200 12 "http://10.50.2.202:10082/" "Mozilla/5.0 (Windows NT 10.0; Win64; x64) AppleWebKit/537.36 (KHTML, like Gecko) Chrome/91.0.4472.124 Safari/537.36 Edg/91.0.864.70"
10.15.0.6 - - [18/Jul/2021:11:35:16 +0800] "GET /socket.io/?EIO=4&transport=websocket&sid=NuOSWjE1nBtS_WRMAABW HTTP/1.1" 101 0 "-" "Mozilla/5.0 (Windows NT 10.0; Win64; x64) AppleWebKit/537.36 (KHTML, like Gecko) Chrome/91.0.4472.124 Safari/537.36 Edg/91.0.864.70"
10.15.0.6 - - [18/Jul/2021:11:35:16 +0800] "POST /socket.io/?EIO=4&transport=polling&t=Ngthhir&sid=NuOSWjE1nBtS_WRMAABW HTTP/1.1" 400 49 "http://10.50.2.202:10082/" "Mozilla/5.0 (Windows NT 10.0; Win64; x64) AppleWebKit/537.36 (KHTML, like Gecko) Chrome/91.0.4472.124 Safari/537.36 Edg/91.0.864.70"
10.11.47.243 - - [18/Jul/2021:11:35:16 +0800] "GET /socket.io/?EIO=4&transport=polling&t=NgthcD0&sid=dmBWnx6yT72WBo4JAABi HTTP/1.1" 200 11 "http://10.50.2.202:10082/" "Mozilla/5.0 (Macintosh; Intel Mac OS X 10_15_7) AppleWebKit/537.36 (KHTML, like Gecko) Chrome/91.0.4472.114 Safari/537.36"
10.11.47.243 - - [18/Jul/2021:11:35:17 +0800] "GET /socket.io/?EIO=4&transport=polling&t=NgthiXW HTTP/1.1" 200 108 "http://10.50.2.202:10082/" "Mozilla/5.0 (Macintosh; Intel Mac OS X 10_15_7) AppleWebKit/537.36 (KHTML, like Gecko) Chrome/91.0.4472.114 Safari/537.36"
10.11.47.243 - - [18/Jul/2021:11:35:17 +0800] "GET /socket.io/?EIO=4&transport=polling&t=NgthiXc HTTP/1.1" 200 108 "http://10.50.2.202:10082/" "Mozilla/5.0 (Macintosh; Intel Mac OS X 10_15_7) AppleWebKit/537.36 (KHTML, like Gecko) Chrome/91.0.4472.114 Safari/537.36"
10.11.47.243 - - [18/Jul/2021:11:35:17 +0800] "POST /socket.io/?EIO=4&transport=polling&t=NgthiXf&sid=VgxDuNx1-LcGb6YEAABk HTTP/1.1" 200 12 "http://10.50.2.202:10082/" "Mozilla/5.0 (Macintosh; Intel Mac OS X 10_15_7) AppleWebKit/537.36 (KHTML, like Gecko) Chrome/91.0.4472.114 Safari/537.36"
10.11.47.243 - - [18/Jul/2021:11:35:17 +0800] "GET /socket.io/?EIO=4&transport=polling&t=NgthiXg&sid=VgxDuNx1-LcGb6YEAABk HTTP/1.1" 200 51 "http://10.50.2.202:10082/" "Mozilla/5.0 (Macintosh; Intel Mac OS X 10_15_7) AppleWebKit/537.36 (KHTML, like Gecko) Chrome/91.0.4472.114 Safari/537.36"
10.11.47.243 - - [18/Jul/2021:11:35:17 +0800] "GET /socket.io/?EIO=4&transport=websocket&sid=VgxDuNx1-LcGb6YEAABk HTTP/1.1" 400 49 "-" "Mozilla/5.0 (Macintosh; Intel Mac OS X 10_15_7) AppleWebKit/537.36 (KHTML, like Gecko) Chrome/91.0.4472.114 Safari/537.36"
10.11.47.243 - - [18/Jul/2021:11:35:17 +0800] "POST /socket.io/?EIO=4&transport=polling&t=NgthiXl&sid=a3LpLPdja1vaG4pgAABl HTTP/1.1" 400 49 "http://10.50.2.202:10082/" "Mozilla/5.0 (Macintosh; Intel Mac OS X 10_15_7) AppleWebKit/537.36 (KHTML, like Gecko) Chrome/91.0.4472.114 Safari/537.36"
10.11.47.243 - - [18/Jul/2021:11:35:17 +0800] "GET /socket.io/?EIO=4&transport=polling&t=NgthiXp&sid=VgxDuNx1-LcGb6YEAABk HTTP/1.1" 400 49 "http://10.50.2.202:10082/" "Mozilla/5.0 (Macintosh; Intel Mac OS X 10_15_7) AppleWebKit/537.36 (KHTML, like Gecko) Chrome/91.0.4472.114 Safari/537.36"
10.11.47.243 - - [18/Jul/2021:11:35:17 +0800] "POST /socket.io/?EIO=4&transport=polling&t=NgthiXx.0&sid=VgxDuNx1-LcGb6YEAABk HTTP/1.1" 400 49 "http://10.50.2.202:10082/" "Mozilla/5.0 (Macintosh; Intel Mac OS X 10_15_7) AppleWebKit/537.36 (KHTML, like Gecko) Chrome/91.0.4472.114 Safari/537.36"
10.11.47.243 - - [18/Jul/2021:11:35:17 +0800] "POST /socket.io/?EIO=4&transport=polling&t=NgthiXx&sid=a3LpLPdja1vaG4pgAABl HTTP/1.1" 400 49 "http://10.50.2.202:10082/" "Mozilla/5.0 (Macintosh; Intel Mac OS X 10_15_7) AppleWebKit/537.36 (KHTML, like Gecko) Chrome/91.0.4472.114 Safari/537.36"
10.15.0.6 - - [18/Jul/2021:11:35:17 +0800] "GET /socket.io/?EIO=4&transport=polling&t=Ngthi4G HTTP/1.1" 200 108 "http://10.50.2.202:10082/" "Mozilla/5.0 (Windows NT 10.0; Win64; x64) AppleWebKit/537.36 (KHTML, like Gecko) Chrome/91.0.4472.124 Safari/537.36 Edg/91.0.864.70"
10.15.0.6 - - [18/Jul/2021:11:35:17 +0800] "POST /socket.io/?EIO=4&transport=polling&t=Ngthi4S&sid=ZBs3ftmU8rFvPEpAAABY HTTP/1.1" 400 49 "http://10.50.2.202:10082/" "Mozilla/5.0 (Windows NT 10.0; Win64; x64) AppleWebKit/537.36 (KHTML, like Gecko) Chrome/91.0.4472.124 Safari/537.36 Edg/91.0.864.70"
10.15.0.6 - - [18/Jul/2021:11:35:17 +0800] "GET /socket.io/?EIO=4&transport=websocket&sid=ZBs3ftmU8rFvPEpAAABY HTTP/1.1" 400 49 "-" "Mozilla/5.0 (Windows NT 10.0; Win64; x64) AppleWebKit/537.36 (KHTML, like Gecko) Chrome/91.0.4472.124 Safari/537.36 Edg/91.0.864.70"
10.15.0.6 - - [18/Jul/2021:11:35:17 +0800] "POST /socket.io/?EIO=4&transport=polling&t=Ngthi4v&sid=ZBs3ftmU8rFvPEpAAABY HTTP/1.1" 400 49 "http://10.50.2.202:10082/" "Mozilla/5.0 (Windows NT 10.0; Win64; x64) AppleWebKit/537.36 (KHTML, like Gecko) Chrome/91.0.4472.124 Safari/537.36 Edg/91.0.864.70"
10.15.0.6 - - [18/Jul/2021:11:35:18 +0800] "GET /socket.io/?EIO=4&transport=polling&t=NgthiGy HTTP/1.1" 200 108 "http://10.50.2.202:10082/" "Mozilla/5.0 (Windows NT 10.0; Win64; x64) AppleWebKit/537.36 (KHTML, like Gecko) Chrome/91.0.4472.124 Safari/537.36 Edg/91.0.864.70"
10.15.0.6 - - [18/Jul/2021:11:35:18 +0800] "POST /socket.io/?EIO=4&transport=polling&t=NgthiHF&sid=1Y3ThlNjCwbwiBsjAABk HTTP/1.1" 200 12 "http://10.50.2.202:10082/" "Mozilla/5.0 (Windows NT 10.0; Win64; x64) AppleWebKit/537.36 (KHTML, like Gecko) Chrome/91.0.4472.124 Safari/537.36 Edg/91.0.864.70"
10.15.0.6 - - [18/Jul/2021:11:35:18 +0800] "GET /socket.io/?EIO=4&transport=polling&t=NgthiHG&sid=1Y3ThlNjCwbwiBsjAABk HTTP/1.1" 200 51 "http://10.50.2.202:10082/" "Mozilla/5.0 (Windows NT 10.0; Win64; x64) AppleWebKit/537.36 (KHTML, like Gecko) Chrome/91.0.4472.124 Safari/537.36 Edg/91.0.864.70"
10.11.47.243 - - [18/Jul/2021:11:35:31 +0800] "GET /socket.io/?EIO=4&transport=polling&t=Ngthfta&sid=cIjxtu1-f_QShdbdAABw HTTP/1.1" 200 11 "http://10.50.2.202:10082/" "Mozilla/5.0 (Macintosh; Intel Mac OS X 10_15_7) AppleWebKit/537.36 (KHTML, like Gecko) Chrome/91.0.4472.114 Safari/537.36"
10.15.0.6 - - [18/Jul/2021:11:35:31 +0800] "GET /socket.io/?EIO=4&transport=polling&t=NgthiHX&sid=1Y3ThlNjCwbwiBsjAABk HTTP/1.1" 400 49 "http://10.50.2.202:10082/" "Mozilla/5.0 (Windows NT 10.0; Win64; x64) AppleWebKit/537.36 (KHTML, like Gecko) Chrome/91.0.4472.124 Safari/537.36 Edg/91.0.864.70"
10.11.47.243 - - [18/Jul/2021:11:35:31 +0800] "GET /socket.io/?EIO=4&transport=polling&t=Ngthj0o HTTP/1.1" 200 108 "http://10.50.2.202:10082/" "Mozilla/5.0 (Macintosh; Intel Mac OS X 10_15_7) AppleWebKit/537.36 (KHTML, like Gecko) Chrome/91.0.4472.114 Safari/537.36"
10.11.47.243 - - [18/Jul/2021:11:35:31 +0800] "GET /socket.io/?EIO=4&transport=polling&t=Ngthj0u HTTP/1.1" 200 108 "http://10.50.2.202:10082/" "Mozilla/5.0 (Macintosh; Intel Mac OS X 10_15_7) AppleWebKit/537.36 (KHTML, like Gecko) Chrome/91.0.4472.114 Safari/537.36"
10.15.0.6 - - [18/Jul/2021:11:35:31 +0800] "GET /socket.io/?EIO=4&transport=websocket&sid=1Y3ThlNjCwbwiBsjAABk HTTP/1.1" 101 16 "-" "Mozilla/5.0 (Windows NT 10.0; Win64; x64) AppleWebKit/537.36 (KHTML, like Gecko) Chrome/91.0.4472.124 Safari/537.36 Edg/91.0.864.70"
10.11.47.243 - - [18/Jul/2021:11:35:31 +0800] "POST /socket.io/?EIO=4&transport=polling&t=Ngthl_C&sid=Ut4GJ-zGdNDeWNq-AABy HTTP/1.1" 400 49 "http://10.50.2.202:10082/" "Mozilla/5.0 (Macintosh; Intel Mac OS X 10_15_7) AppleWebKit/537.36 (KHTML, like Gecko) Chrome/91.0.4472.114 Safari/537.36"
10.11.47.243 - - [18/Jul/2021:11:35:31 +0800] "GET /socket.io/?EIO=4&transport=polling&t=Ngthl_R&sid=Ut4GJ-zGdNDeWNq-AABy HTTP/1.1" 400 49 "http://10.50.2.202:10082/" "Mozilla/5.0 (Macintosh; Intel Mac OS X 10_15_7) AppleWebKit/537.36 (KHTML, like Gecko) Chrome/91.0.4472.114 Safari/537.36"
10.11.47.243 - - [18/Jul/2021:11:35:31 +0800] "POST /socket.io/?EIO=4&transport=polling&t=Ngthl_R.0&sid=l-iySS8Rvi8CxrmpAABz HTTP/1.1" 400 49 "http://10.50.2.202:10082/" "Mozilla/5.0 (Macintosh; Intel Mac OS X 10_15_7) AppleWebKit/537.36 (KHTML, like Gecko) Chrome/91.0.4472.114 Safari/537.36"
10.11.47.243 - - [18/Jul/2021:11:35:31 +0800] "GET /socket.io/?EIO=4&transport=websocket&sid=Ut4GJ-zGdNDeWNq-AABy HTTP/1.1" 499 0 "-" "Mozilla/5.0 (Macintosh; Intel Mac OS X 10_15_7) AppleWebKit/537.36 (KHTML, like Gecko) Chrome/91.0.4472.114 Safari/537.36"
10.11.47.243 - - [18/Jul/2021:11:35:31 +0800] "POST /socket.io/?EIO=4&transport=polling&t=Ngthl_U&sid=Ut4GJ-zGdNDeWNq-AABy HTTP/1.1" 400 49 "http://10.50.2.202:10082/" "Mozilla/5.0 (Macintosh; Intel Mac OS X 10_15_7) AppleWebKit/537.36 (KHTML, like Gecko) Chrome/91.0.4472.114 Safari/537.36"
10.11.47.243 - - [18/Jul/2021:11:35:31 +0800] "POST /socket.io/?EIO=4&transport=polling&t=Ngthl_a&sid=l-iySS8Rvi8CxrmpAABz HTTP/1.1" 400 49 "http://10.50.2.202:10082/" "Mozilla/5.0 (Macintosh; Intel Mac OS X 10_15_7) AppleWebKit/537.36 (KHTML, like Gecko) Chrome/91.0.4472.114 Safari/537.36"
10.11.47.243 - - [18/Jul/2021:11:35:33 +0800] "GET /socket.io/?EIO=4&transport=polling&t=NgthmOC HTTP/1.1" 200 108 "http://10.50.2.202:10082/" "Mozilla/5.0 (Macintosh; Intel Mac OS X 10_15_7) AppleWebKit/537.36 (KHTML, like Gecko) Chrome/91.0.4472.114 Safari/537.36"
10.11.47.243 - - [18/Jul/2021:11:35:33 +0800] "GET /socket.io/?EIO=4&transport=polling&t=NgthmOI HTTP/1.1" 200 108 "http://10.50.2.202:10082/" "Mozilla/5.0 (Macintosh; Intel Mac OS X 10_15_7) AppleWebKit/537.36 (KHTML, like Gecko) Chrome/91.0.4472.114 Safari/537.36"
10.11.47.243 - - [18/Jul/2021:11:35:33 +0800] "POST /socket.io/?EIO=4&transport=polling&t=NgthmOT&sid=ujlm7i--HkXkC5FrAABm HTTP/1.1" 200 12 "http://10.50.2.202:10082/" "Mozilla/5.0 (Macintosh; Intel Mac OS X 10_15_7) AppleWebKit/537.36 (KHTML, like Gecko) Chrome/91.0.4472.114 Safari/537.36"
10.11.47.243 - - [18/Jul/2021:11:35:33 +0800] "GET /socket.io/?EIO=4&transport=polling&t=NgthmOU&sid=ujlm7i--HkXkC5FrAABm HTTP/1.1" 200 51 "http://10.50.2.202:10082/" "Mozilla/5.0 (Macintosh; Intel Mac OS X 10_15_7) AppleWebKit/537.36 (KHTML, like Gecko) Chrome/91.0.4472.114 Safari/537.36"
10.11.47.243 - - [18/Jul/2021:11:35:33 +0800] "POST /socket.io/?EIO=4&transport=polling&t=NgthmOZ&sid=Nq-GAGYruLVFfEOGAABn HTTP/1.1" 200 12 "http://10.50.2.202:10082/" "Mozilla/5.0 (Macintosh; Intel Mac OS X 10_15_7) AppleWebKit/537.36 (KHTML, like Gecko) Chrome/91.0.4472.114 Safari/537.36"
10.11.47.243 - - [18/Jul/2021:11:35:33 +0800] "GET /socket.io/?EIO=4&transport=polling&t=NgthmOa&sid=Nq-GAGYruLVFfEOGAABn HTTP/1.1" 200 51 "http://10.50.2.202:10082/" "Mozilla/5.0 (Macintosh; Intel Mac OS X 10_15_7) AppleWebKit/537.36 (KHTML, like Gecko) Chrome/91.0.4472.114 Safari/537.36"
10.11.47.243 - - [18/Jul/2021:11:35:42 +0800] "GET /socket.io/?EIO=4&transport=polling&t=NgthiXl.0&sid=a3LpLPdja1vaG4pgAABl HTTP/1.1" 200 11 "http://10.50.2.202:10082/" "Mozilla/5.0 (Macintosh; Intel Mac OS X 10_15_7) AppleWebKit/537.36 (KHTML, like Gecko) Chrome/91.0.4472.114 Safari/537.36"
10.11.47.243 - - [18/Jul/2021:11:35:42 +0800] "GET /socket.io/?EIO=4&transport=polling&t=NgthmOg&sid=ujlm7i--HkXkC5FrAABm HTTP/1.1" 400 49 "http://10.50.2.202:10082/" "Mozilla/5.0 (Macintosh; Intel Mac OS X 10_15_7) AppleWebKit/537.36 (KHTML, like Gecko) Chrome/91.0.4472.114 Safari/537.36"
10.11.47.243 - - [18/Jul/2021:11:35:42 +0800] "GET /socket.io/?EIO=4&transport=polling&t=NgthmO_&sid=Nq-GAGYruLVFfEOGAABn HTTP/1.1" 400 49 "http://10.50.2.202:10082/" "Mozilla/5.0 (Macintosh; Intel Mac OS X 10_15_7) AppleWebKit/537.36 (KHTML, like Gecko) Chrome/91.0.4472.114 Safari/537.36"
10.11.47.243 - - [18/Jul/2021:11:35:42 +0800] "GET /socket.io/?EIO=4&transport=websocket&sid=Nq-GAGYruLVFfEOGAABn HTTP/1.1" 400 49 "-" "Mozilla/5.0 (Macintosh; Intel Mac OS X 10_15_7) AppleWebKit/537.36 (KHTML, like Gecko) Chrome/91.0.4472.114 Safari/537.36"
10.15.0.6 - - [18/Jul/2021:11:35:42 +0800] "GET /socket.io/?EIO=4&transport=polling&t=NgthlwI HTTP/1.1" 200 108 "http://10.50.2.202:10082/" "Mozilla/5.0 (Windows NT 10.0; Win64; x64) AppleWebKit/537.36 (KHTML, like Gecko) Chrome/91.0.4472.124 Safari/537.36 Edg/91.0.864.70"
10.11.47.243 - - [18/Jul/2021:11:35:42 +0800] "GET /socket.io/?EIO=4&transport=websocket&sid=ujlm7i--HkXkC5FrAABm HTTP/1.1" 101 16 "-" "Mozilla/5.0 (Macintosh; Intel Mac OS X 10_15_7) AppleWebKit/537.36 (KHTML, like Gecko) Chrome/91.0.4472.114 Safari/537.36"
10.15.0.6 - - [18/Jul/2021:11:35:42 +0800] "GET /socket.io/?EIO=4&transport=polling&t=Ngtho6J&sid=H-SH1-_e0Otun4KvAABn HTTP/1.1" 400 49 "http://10.50.2.202:10082/" "Mozilla/5.0 (Windows NT 10.0; Win64; x64) AppleWebKit/537.36 (KHTML, like Gecko) Chrome/91.0.4472.124 Safari/537.36 Edg/91.0.864.70"
10.15.0.6 - - [18/Jul/2021:11:35:42 +0800] "POST /socket.io/?EIO=4&transport=polling&t=Ngtho6C&sid=H-SH1-_e0Otun4KvAABn HTTP/1.1" 200 12 "http://10.50.2.202:10082/" "Mozilla/5.0 (Windows NT 10.0; Win64; x64) AppleWebKit/537.36 (KHTML, like Gecko) Chrome/91.0.4472.124 Safari/537.36 Edg/91.0.864.70"
10.11.47.243 - - [18/Jul/2021:11:35:42 +0800] "POST /socket.io/?EIO=4&transport=polling&t=Ngthoeb&sid=Nq-GAGYruLVFfEOGAABn HTTP/1.1" 400 49 "http://10.50.2.202:10082/" "Mozilla/5.0 (Macintosh; Intel Mac OS X 10_15_7) AppleWebKit/537.36 (KHTML, like Gecko) Chrome/91.0.4472.114 Safari/537.36"
10.15.0.6 - - [18/Jul/2021:11:35:42 +0800] "POST /socket.io/?EIO=4&transport=polling&t=Ngtho6W&sid=H-SH1-_e0Otun4KvAABn HTTP/1.1" 400 49 "http://10.50.2.202:10082/" "Mozilla/5.0 (Windows NT 10.0; Win64; x64) AppleWebKit/537.36 (KHTML, like Gecko) Chrome/91.0.4472.124 Safari/537.36 Edg/91.0.864.70"
10.15.0.6 - - [18/Jul/2021:11:35:42 +0800] "GET /socket.io/?EIO=4&transport=websocket&sid=H-SH1-_e0Otun4KvAABn HTTP/1.1" 101 16 "-" "Mozilla/5.0 (Windows NT 10.0; Win64; x64) AppleWebKit/537.36 (KHTML, like Gecko) Chrome/91.0.4472.124 Safari/537.36 Edg/91.0.864.70"
10.15.0.6 - - [18/Jul/2021:11:35:42 +0800] "GET /socket.io/?EIO=4&transport=polling&t=Ngthi4T&sid=ZBs3ftmU8rFvPEpAAABY HTTP/1.1" 200 11 "http://10.50.2.202:10082/" "Mozilla/5.0 (Windows NT 10.0; Win64; x64) AppleWebKit/537.36 (KHTML, like Gecko) Chrome/91.0.4472.124 Safari/537.36 Edg/91.0.864.70"
10.11.47.243 - - [18/Jul/2021:11:35:44 +0800] "GET /socket.io/?EIO=4&transport=polling&t=Ngthp4_ HTTP/1.1" 200 108 "http://10.50.2.202:10082/" "Mozilla/5.0 (Macintosh; Intel Mac OS X 10_15_7) AppleWebKit/537.36 (KHTML, like Gecko) Chrome/91.0.4472.114 Safari/537.36"
10.11.47.243 - - [18/Jul/2021:11:35:44 +0800] "GET /socket.io/?EIO=4&transport=polling&t=Ngthp56 HTTP/1.1" 200 108 "http://10.50.2.202:10082/" "Mozilla/5.0 (Macintosh; Intel Mac OS X 10_15_7) AppleWebKit/537.36 (KHTML, like Gecko) Chrome/91.0.4472.114 Safari/537.36"
10.11.47.243 - - [18/Jul/2021:11:35:44 +0800] "POST /socket.io/?EIO=4&transport=polling&t=Ngthp5g&sid=vrPQvyXz4BGpjKbgAABZ HTTP/1.1" 400 49 "http://10.50.2.202:10082/" "Mozilla/5.0 (Macintosh; Intel Mac OS X 10_15_7) AppleWebKit/537.36 (KHTML, like Gecko) Chrome/91.0.4472.114 Safari/537.36"
10.11.47.243 - - [18/Jul/2021:11:35:44 +0800] "GET /socket.io/?EIO=4&transport=polling&t=Ngthp5v&sid=vrPQvyXz4BGpjKbgAABZ HTTP/1.1" 400 49 "http://10.50.2.202:10082/" "Mozilla/5.0 (Macintosh; Intel Mac OS X 10_15_7) AppleWebKit/537.36 (KHTML, like Gecko) Chrome/91.0.4472.114 Safari/537.36"
10.11.47.243 - - [18/Jul/2021:11:35:44 +0800] "POST /socket.io/?EIO=4&transport=polling&t=Ngthp5y&sid=vrPQvyXz4BGpjKbgAABZ HTTP/1.1" 200 12 "http://10.50.2.202:10082/" "Mozilla/5.0 (Macintosh; Intel Mac OS X 10_15_7) AppleWebKit/537.36 (KHTML, like Gecko) Chrome/91.0.4472.114 Safari/537.36"
10.11.47.243 - - [18/Jul/2021:11:35:44 +0800] "POST /socket.io/?EIO=4&transport=polling&t=Ngthp5w&sid=zXNLZKlZ3aot0P7XAABq HTTP/1.1" 400 49 "http://10.50.2.202:10082/" "Mozilla/5.0 (Macintosh; Intel Mac OS X 10_15_7) AppleWebKit/537.36 (KHTML, like Gecko) Chrome/91.0.4472.114 Safari/537.36"
10.11.47.243 - - [18/Jul/2021:11:35:44 +0800] "GET /socket.io/?EIO=4&transport=websocket&sid=zXNLZKlZ3aot0P7XAABq HTTP/1.1" 400 49 "-" "Mozilla/5.0 (Macintosh; Intel Mac OS X 10_15_7) AppleWebKit/537.36 (KHTML, like Gecko) Chrome/91.0.4472.114 Safari/537.36"
10.11.47.243 - - [18/Jul/2021:11:35:44 +0800] "POST /socket.io/?EIO=4&transport=polling&t=Ngthp6H&sid=zXNLZKlZ3aot0P7XAABq HTTP/1.1" 400 49 "http://10.50.2.202:10082/" "Mozilla/5.0 (Macintosh; Intel Mac OS X 10_15_7) AppleWebKit/537.36 (KHTML, like Gecko) Chrome/91.0.4472.114 Safari/537.36"
10.15.0.6 - - [18/Jul/2021:11:35:44 +0800] "GET /socket.io/?EIO=4&transport=polling&t=Ngthoc9 HTTP/1.1" 200 108 "http://10.50.2.202:10082/" "Mozilla/5.0 (Windows NT 10.0; Win64; x64) AppleWebKit/537.36 (KHTML, like Gecko) Chrome/91.0.4472.124 Safari/537.36 Edg/91.0.864.70"
10.15.0.6 - - [18/Jul/2021:11:35:44 +0800] "POST /socket.io/?EIO=4&transport=polling&t=NgthocM&sid=40Te_bDlfI0IbJQbAABa HTTP/1.1" 400 49 "http://10.50.2.202:10082/" "Mozilla/5.0 (Windows NT 10.0; Win64; x64) AppleWebKit/537.36 (KHTML, like Gecko) Chrome/91.0.4472.124 Safari/537.36 Edg/91.0.864.70"
10.15.0.6 - - [18/Jul/2021:11:35:44 +0800] "GET /socket.io/?EIO=4&transport=polling&t=NgthocN&sid=40Te_bDlfI0IbJQbAABa HTTP/1.1" 400 49 "http://10.50.2.202:10082/" "Mozilla/5.0 (Windows NT 10.0; Win64; x64) AppleWebKit/537.36 (KHTML, like Gecko) Chrome/91.0.4472.124 Safari/537.36 Edg/91.0.864.70"
10.15.0.6 - - [18/Jul/2021:11:35:44 +0800] "GET /socket.io/?EIO=4&transport=websocket&sid=40Te_bDlfI0IbJQbAABa HTTP/1.1" 400 49 "-" "Mozilla/5.0 (Windows NT 10.0; Win64; x64) AppleWebKit/537.36 (KHTML, like Gecko) Chrome/91.0.4472.124 Safari/537.36 Edg/91.0.864.70"
10.15.0.6 - - [18/Jul/2021:11:35:44 +0800] "POST /socket.io/?EIO=4&transport=polling&t=NgthocX&sid=40Te_bDlfI0IbJQbAABa HTTP/1.1" 400 49 "http://10.50.2.202:10082/" "Mozilla/5.0 (Windows NT 10.0; Win64; x64) AppleWebKit/537.36 (KHTML, like Gecko) Chrome/91.0.4472.124 Safari/537.36 Edg/91.0.864.70"
10.11.47.243 - - [18/Jul/2021:11:35:46 +0800] "GET /socket.io/?EIO=4&transport=polling&t=NgthpdT HTTP/1.1" 200 108 "http://10.50.2.202:10082/" "Mozilla/5.0 (Macintosh; Intel Mac OS X 10_15_7) AppleWebKit/537.36 (KHTML, like Gecko) Chrome/91.0.4472.114 Safari/537.36"
10.11.47.243 - - [18/Jul/2021:11:35:46 +0800] "GET /socket.io/?EIO=4&transport=polling&t=NgthpdZ HTTP/1.1" 200 108 "http://10.50.2.202:10082/" "Mozilla/5.0 (Macintosh; Intel Mac OS X 10_15_7) AppleWebKit/537.36 (KHTML, like Gecko) Chrome/91.0.4472.114 Safari/537.36"
10.11.47.243 - - [18/Jul/2021:11:35:46 +0800] "POST /socket.io/?EIO=4&transport=polling&t=Ngthpdh&sid=MztrR_Xp63cq7txOAABb HTTP/1.1" 200 12 "http://10.50.2.202:10082/" "Mozilla/5.0 (Macintosh; Intel Mac OS X 10_15_7) AppleWebKit/537.36 (KHTML, like Gecko) Chrome/91.0.4472.114 Safari/537.36"
10.11.47.243 - - [18/Jul/2021:11:35:46 +0800] "GET /socket.io/?EIO=4&transport=polling&t=Ngthpdi&sid=MztrR_Xp63cq7txOAABb HTTP/1.1" 400 49 "http://10.50.2.202:10082/" "Mozilla/5.0 (Macintosh; Intel Mac OS X 10_15_7) AppleWebKit/537.36 (KHTML, like Gecko) Chrome/91.0.4472.114 Safari/537.36"
10.11.47.243 - - [18/Jul/2021:11:35:46 +0800] "POST /socket.io/?EIO=4&transport=polling&t=Ngthpdj&sid=x9pRl2TfBZe2icyeAABc HTTP/1.1" 200 12 "http://10.50.2.202:10082/" "Mozilla/5.0 (Macintosh; Intel Mac OS X 10_15_7) AppleWebKit/537.36 (KHTML, like Gecko) Chrome/91.0.4472.114 Safari/537.36"
10.11.47.243 - - [18/Jul/2021:11:35:46 +0800] "GET /socket.io/?EIO=4&transport=polling&t=Ngthpdj.0&sid=x9pRl2TfBZe2icyeAABc HTTP/1.1" 200 51 "http://10.50.2.202:10082/" "Mozilla/5.0 (Macintosh; Intel Mac OS X 10_15_7) AppleWebKit/537.36 (KHTML, like Gecko) Chrome/91.0.4472.114 Safari/537.36"
10.11.47.243 - - [18/Jul/2021:11:35:46 +0800] "GET /socket.io/?EIO=4&transport=websocket&sid=MztrR_Xp63cq7txOAABb HTTP/1.1" 400 49 "-" "Mozilla/5.0 (Macintosh; Intel Mac OS X 10_15_7) AppleWebKit/537.36 (KHTML, like Gecko) Chrome/91.0.4472.114 Safari/537.36"
10.15.0.6 - - [18/Jul/2021:11:35:46 +0800] "GET /socket.io/?EIO=4&transport=polling&t=Ngthp5Y HTTP/1.1" 200 108 "http://10.50.2.202:10082/" "Mozilla/5.0 (Windows NT 10.0; Win64; x64) AppleWebKit/537.36 (KHTML, like Gecko) Chrome/91.0.4472.124 Safari/537.36 Edg/91.0.864.70"
10.11.47.243 - - [18/Jul/2021:11:35:46 +0800] "POST /socket.io/?EIO=4&transport=polling&t=Ngthpdz.0&sid=MztrR_Xp63cq7txOAABb HTTP/1.1" 400 49 "http://10.50.2.202:10082/" "Mozilla/5.0 (Macintosh; Intel Mac OS X 10_15_7) AppleWebKit/537.36 (KHTML, like Gecko) Chrome/91.0.4472.114 Safari/537.36"
10.15.0.6 - - [18/Jul/2021:11:35:46 +0800] "POST /socket.io/?EIO=4&transport=polling&t=Ngthp5k&sid=wDRKSq_RXlqxI3SEAABf HTTP/1.1" 400 49 "http://10.50.2.202:10082/" "Mozilla/5.0 (Windows NT 10.0; Win64; x64) AppleWebKit/537.36 (KHTML, like Gecko) Chrome/91.0.4472.124 Safari/537.36 Edg/91.0.864.70"
10.15.0.6 - - [18/Jul/2021:11:35:46 +0800] "GET /socket.io/?EIO=4&transport=polling&t=Ngthp5l&sid=wDRKSq_RXlqxI3SEAABf HTTP/1.1" 400 49 "http://10.50.2.202:10082/" "Mozilla/5.0 (Windows NT 10.0; Win64; x64) AppleWebKit/537.36 (KHTML, like Gecko) Chrome/91.0.4472.124 Safari/537.36 Edg/91.0.864.70"
10.11.47.243 - - [18/Jul/2021:11:35:46 +0800] "GET /socket.io/?EIO=4&transport=websocket&sid=x9pRl2TfBZe2icyeAABc HTTP/1.1" 400 49 "-" "Mozilla/5.0 (Macintosh; Intel Mac OS X 10_15_7) AppleWebKit/537.36 (KHTML, like Gecko) Chrome/91.0.4472.114 Safari/537.36"
10.15.0.6 - - [18/Jul/2021:11:35:46 +0800] "GET /socket.io/?EIO=4&transport=websocket&sid=wDRKSq_RXlqxI3SEAABf HTTP/1.1" 400 49 "-" "Mozilla/5.0 (Windows NT 10.0; Win64; x64) AppleWebKit/537.36 (KHTML, like Gecko) Chrome/91.0.4472.124 Safari/537.36 Edg/91.0.864.70"
10.15.0.6 - - [18/Jul/2021:11:35:46 +0800] "POST /socket.io/?EIO=4&transport=polling&t=Ngthp5x&sid=wDRKSq_RXlqxI3SEAABf HTTP/1.1" 400 49 "http://10.50.2.202:10082/" "Mozilla/5.0 (Windows NT 10.0; Win64; x64) AppleWebKit/537.36 (KHTML, like Gecko) Chrome/91.0.4472.124 Safari/537.36 Edg/91.0.864.70"
10.15.0.6 - - [18/Jul/2021:11:35:47 +0800] "GET /socket.io/?EIO=4&transport=polling&t=NgthpLD HTTP/1.1" 200 108 "http://10.50.2.202:10082/" "Mozilla/5.0 (Windows NT 10.0; Win64; x64) AppleWebKit/537.36 (KHTML, like Gecko) Chrome/91.0.4472.124 Safari/537.36 Edg/91.0.864.70"
10.15.0.6 - - [18/Jul/2021:11:35:47 +0800] "POST /socket.io/?EIO=4&transport=polling&t=NgthpLY&sid=uL3kEw0Rf_n0UeOwAABp HTTP/1.1" 200 12 "http://10.50.2.202:10082/" "Mozilla/5.0 (Windows NT 10.0; Win64; x64) AppleWebKit/537.36 (KHTML, like Gecko) Chrome/91.0.4472.124 Safari/537.36 Edg/91.0.864.70"
10.15.0.6 - - [18/Jul/2021:11:35:47 +0800] "GET /socket.io/?EIO=4&transport=polling&t=NgthpLZ&sid=uL3kEw0Rf_n0UeOwAABp HTTP/1.1" 200 51 "http://10.50.2.202:10082/" "Mozilla/5.0 (Windows NT 10.0; Win64; x64) AppleWebKit/537.36 (KHTML, like Gecko) Chrome/91.0.4472.124 Safari/537.36 Edg/91.0.864.70"
10.11.47.243 - - [18/Jul/2021:11:35:56 +0800] "GET /socket.io/?EIO=4&transport=polling&t=Ngthl_S&sid=l-iySS8Rvi8CxrmpAABz HTTP/1.1" 200 11 "http://10.50.2.202:10082/" "Mozilla/5.0 (Macintosh; Intel Mac OS X 10_15_7) AppleWebKit/537.36 (KHTML, like Gecko) Chrome/91.0.4472.114 Safari/537.36"
10.15.0.6 - - [18/Jul/2021:11:35:56 +0800] "GET /socket.io/?EIO=4&transport=polling&t=NgthpLp&sid=uL3kEw0Rf_n0UeOwAABp HTTP/1.1" 400 49 "http://10.50.2.202:10082/" "Mozilla/5.0 (Windows NT 10.0; Win64; x64) AppleWebKit/537.36 (KHTML, like Gecko) Chrome/91.0.4472.124 Safari/537.36 Edg/91.0.864.70"
10.11.47.243 - - [18/Jul/2021:11:35:56 +0800] "GET /socket.io/?EIO=4&transport=polling&t=Ngthq6v HTTP/1.1" 200 108 "http://10.50.2.202:10082/" "Mozilla/5.0 (Macintosh; Intel Mac OS X 10_15_7) AppleWebKit/537.36 (KHTML, like Gecko) Chrome/91.0.4472.114 Safari/537.36"
10.11.47.243 - - [18/Jul/2021:11:35:56 +0800] "POST /socket.io/?EIO=4&transport=polling&t=Ngths4r&sid=kn5x3nAMbgir10Y4AAB0 HTTP/1.1" 200 12 "http://10.50.2.202:10082/" "Mozilla/5.0 (Macintosh; Intel Mac OS X 10_15_7) AppleWebKit/537.36 (KHTML, like Gecko) Chrome/91.0.4472.114 Safari/537.36"
10.15.0.6 - - [18/Jul/2021:11:35:56 +0800] "GET /socket.io/?EIO=4&transport=websocket&sid=uL3kEw0Rf_n0UeOwAABp HTTP/1.1" 101 16 "-" "Mozilla/5.0 (Windows NT 10.0; Win64; x64) AppleWebKit/537.36 (KHTML, like Gecko) Chrome/91.0.4472.124 Safari/537.36 Edg/91.0.864.70"
10.11.47.243 - - [18/Jul/2021:11:35:56 +0800] "GET /socket.io/?EIO=4&transport=polling&t=Ngths52&sid=kn5x3nAMbgir10Y4AAB0 HTTP/1.1" 200 51 "http://10.50.2.202:10082/" "Mozilla/5.0 (Macintosh; Intel Mac OS X 10_15_7) AppleWebKit/537.36 (KHTML, like Gecko) Chrome/91.0.4472.114 Safari/537.36"
10.11.47.243 - - [18/Jul/2021:11:35:56 +0800] "GET /socket.io/?EIO=4&transport=polling&t=Ngths5C&sid=kn5x3nAMbgir10Y4AAB0 HTTP/1.1" 400 49 "http://10.50.2.202:10082/" "Mozilla/5.0 (Macintosh; Intel Mac OS X 10_15_7) AppleWebKit/537.36 (KHTML, like Gecko) Chrome/91.0.4472.114 Safari/537.36"
10.11.47.243 - - [18/Jul/2021:11:35:56 +0800] "GET /socket.io/?EIO=4&transport=websocket&sid=kn5x3nAMbgir10Y4AAB0 HTTP/1.1" 101 16 "-" "Mozilla/5.0 (Macintosh; Intel Mac OS X 10_15_7) AppleWebKit/537.36 (KHTML, like Gecko) Chrome/91.0.4472.114 Safari/537.36"
10.11.47.243 - - [18/Jul/2021:11:35:57 +0800] "GET /socket.io/?EIO=4&transport=polling&t=NgthsI8 HTTP/1.1" 200 108 "http://10.50.2.202:10082/" "Mozilla/5.0 (Macintosh; Intel Mac OS X 10_15_7) AppleWebKit/537.36 (KHTML, like Gecko) Chrome/91.0.4472.114 Safari/537.36"
10.11.47.243 - - [18/Jul/2021:11:35:57 +0800] "GET /socket.io/?EIO=4&transport=polling&t=NgthsIL&sid=H-YCR9WNCRRIPASyAABr HTTP/1.1" 400 49 "http://10.50.2.202:10082/" "Mozilla/5.0 (Macintosh; Intel Mac OS X 10_15_7) AppleWebKit/537.36 (KHTML, like Gecko) Chrome/91.0.4472.114 Safari/537.36"
10.11.47.243 - - [18/Jul/2021:11:35:57 +0800] "POST /socket.io/?EIO=4&transport=polling&t=NgthsIK&sid=H-YCR9WNCRRIPASyAABr HTTP/1.1" 200 12 "http://10.50.2.202:10082/" "Mozilla/5.0 (Macintosh; Intel Mac OS X 10_15_7) AppleWebKit/537.36 (KHTML, like Gecko) Chrome/91.0.4472.114 Safari/537.36"
10.11.47.243 - - [18/Jul/2021:11:35:57 +0800] "GET /socket.io/?EIO=4&transport=websocket&sid=H-YCR9WNCRRIPASyAABr HTTP/1.1" 101 6 "-" "Mozilla/5.0 (Macintosh; Intel Mac OS X 10_15_7) AppleWebKit/537.36 (KHTML, like Gecko) Chrome/91.0.4472.114 Safari/537.36"
10.11.47.243 - - [18/Jul/2021:11:35:57 +0800] "POST /socket.io/?EIO=4&transport=polling&t=NgthsIU&sid=H-YCR9WNCRRIPASyAABr HTTP/1.1" 400 49 "http://10.50.2.202:10082/" "Mozilla/5.0 (Macintosh; Intel Mac OS X 10_15_7) AppleWebKit/537.36 (KHTML, like Gecko) Chrome/91.0.4472.114 Safari/537.36"
10.15.0.6 - - [18/Jul/2021:11:35:57 +0800] "GET /socket.io/?EIO=4&transport=polling&t=NgthrnL HTTP/1.1" 200 108 "http://10.50.2.202:10082/" "Mozilla/5.0 (Windows NT 10.0; Win64; x64) AppleWebKit/537.36 (KHTML, like Gecko) Chrome/91.0.4472.124 Safari/537.36 Edg/91.0.864.70"
10.15.0.6 - - [18/Jul/2021:11:35:57 +0800] "GET /socket.io/?EIO=4&transport=polling&t=Ngthrnj&sid=rCUW1BwA7818d0OPAABt HTTP/1.1" 400 49 "http://10.50.2.202:10082/" "Mozilla/5.0 (Windows NT 10.0; Win64; x64) AppleWebKit/537.36 (KHTML, like Gecko) Chrome/91.0.4472.124 Safari/537.36 Edg/91.0.864.70"
10.15.0.6 - - [18/Jul/2021:11:35:57 +0800] "POST /socket.io/?EIO=4&transport=polling&t=Ngthrnh&sid=rCUW1BwA7818d0OPAABt HTTP/1.1" 200 12 "http://10.50.2.202:10082/" "Mozilla/5.0 (Windows NT 10.0; Win64; x64) AppleWebKit/537.36 (KHTML, like Gecko) Chrome/91.0.4472.124 Safari/537.36 Edg/91.0.864.70"
10.15.0.6 - - [18/Jul/2021:11:35:57 +0800] "GET /socket.io/?EIO=4&transport=websocket&sid=rCUW1BwA7818d0OPAABt HTTP/1.1" 101 0 "-" "Mozilla/5.0 (Windows NT 10.0; Win64; x64) AppleWebKit/537.36 (KHTML, like Gecko) Chrome/91.0.4472.124 Safari/537.36 Edg/91.0.864.70"
10.15.0.6 - - [18/Jul/2021:11:35:57 +0800] "POST /socket.io/?EIO=4&transport=polling&t=Ngthrnv&sid=rCUW1BwA7818d0OPAABt HTTP/1.1" 400 49 "http://10.50.2.202:10082/" "Mozilla/5.0 (Windows NT 10.0; Win64; x64) AppleWebKit/537.36 (KHTML, like Gecko) Chrome/91.0.4472.124 Safari/537.36 Edg/91.0.864.70"
10.11.47.243 - - [18/Jul/2021:11:35:58 +0800] "POST /socket.io/?EIO=4&transport=polling&t=NgthsYA&sid=x9pRl2TfBZe2icyeAABc HTTP/1.1" 400 49 "http://10.50.2.202:10082/" "Mozilla/5.0 (Macintosh; Intel Mac OS X 10_15_7) AppleWebKit/537.36 (KHTML, like Gecko) Chrome/91.0.4472.114 Safari/537.36"
10.11.47.243 - - [18/Jul/2021:11:35:58 +0800] "POST /socket.io/?EIO=4&transport=polling&t=NgthsYQ&sid=x9pRl2TfBZe2icyeAABc HTTP/1.1" 400 49 "http://10.50.2.202:10082/" "Mozilla/5.0 (Macintosh; Intel Mac OS X 10_15_7) AppleWebKit/537.36 (KHTML, like Gecko) Chrome/91.0.4472.114 Safari/537.36"
10.15.0.6 - - [18/Jul/2021:11:35:58 +0800] "GET /socket.io/?EIO=4&transport=polling&t=Ngths0- HTTP/1.1" 200 108 "http://10.50.2.202:10082/" "Mozilla/5.0 (Windows NT 10.0; Win64; x64) AppleWebKit/537.36 (KHTML, like Gecko) Chrome/91.0.4472.124 Safari/537.36 Edg/91.0.864.70"
10.15.0.6 - - [18/Jul/2021:11:35:58 +0800] "POST /socket.io/?EIO=4&transport=polling&t=Ngths1A&sid=2_MHohGDcJxvgMoyAAB2 HTTP/1.1" 400 49 "http://10.50.2.202:10082/" "Mozilla/5.0 (Windows NT 10.0; Win64; x64) AppleWebKit/537.36 (KHTML, like Gecko) Chrome/91.0.4472.124 Safari/537.36 Edg/91.0.864.70"
10.15.0.6 - - [18/Jul/2021:11:35:58 +0800] "GET /socket.io/?EIO=4&transport=polling&t=Ngths1C&sid=2_MHohGDcJxvgMoyAAB2 HTTP/1.1" 400 49 "http://10.50.2.202:10082/" "Mozilla/5.0 (Windows NT 10.0; Win64; x64) AppleWebKit/537.36 (KHTML, like Gecko) Chrome/91.0.4472.124 Safari/537.36 Edg/91.0.864.70"
10.15.0.6 - - [18/Jul/2021:11:35:58 +0800] "GET /socket.io/?EIO=4&transport=websocket&sid=2_MHohGDcJxvgMoyAAB2 HTTP/1.1" 101 6 "-" "Mozilla/5.0 (Windows NT 10.0; Win64; x64) AppleWebKit/537.36 (KHTML, like Gecko) Chrome/91.0.4472.124 Safari/537.36 Edg/91.0.864.70"
10.15.0.6 - - [18/Jul/2021:11:35:58 +0800] "POST /socket.io/?EIO=4&transport=polling&t=Ngths1L&sid=2_MHohGDcJxvgMoyAAB2 HTTP/1.1" 400 49 "http://10.50.2.202:10082/" "Mozilla/5.0 (Windows NT 10.0; Win64; x64) AppleWebKit/537.36 (KHTML, like Gecko) Chrome/91.0.4472.124 Safari/537.36 Edg/91.0.864.70"
10.11.47.243 - - [18/Jul/2021:11:35:59 +0800] "GET /socket.io/?EIO=4&transport=polling&t=NgthsnT HTTP/1.1" 200 108 "http://10.50.2.202:10082/" "Mozilla/5.0 (Macintosh; Intel Mac OS X 10_15_7) AppleWebKit/537.36 (KHTML, like Gecko) Chrome/91.0.4472.114 Safari/537.36"
10.11.47.243 - - [18/Jul/2021:11:35:59 +0800] "POST /socket.io/?EIO=4&transport=polling&t=Ngthsni&sid=ppaqd-MLzw980LEVAAB3 HTTP/1.1" 400 49 "http://10.50.2.202:10082/" "Mozilla/5.0 (Macintosh; Intel Mac OS X 10_15_7) AppleWebKit/537.36 (KHTML, like Gecko) Chrome/91.0.4472.114 Safari/537.36"
10.11.47.243 - - [18/Jul/2021:11:35:59 +0800] "GET /socket.io/?EIO=4&transport=polling&t=Ngthsni.0&sid=ppaqd-MLzw980LEVAAB3 HTTP/1.1" 400 49 "http://10.50.2.202:10082/" "Mozilla/5.0 (Macintosh; Intel Mac OS X 10_15_7) AppleWebKit/537.36 (KHTML, like Gecko) Chrome/91.0.4472.114 Safari/537.36"
